[0.259s] DEBUG:colcon:Command line arguments: ['/usr/bin/colcon', 'build', '--packages-select', 'super_Tolchanov_Dmitriy_study_pkg']
[0.259s] DEBUG:colcon:Parsed command line arguments: Namespace(log_base=None, log_level=None, verb_name='build', build_base='build', install_base='install', merge_install=False, symlink_install=False, test_result_base=None, continue_on_error=False, executor='parallel', parallel_workers=16, event_handlers=None, ignore_user_meta=False, metas=['./colcon.meta'], base_paths=['.'], packages_ignore=None, packages_ignore_regex=None, paths=None, packages_up_to=None, packages_up_to_regex=None, packages_above=None, packages_above_and_dependencies=None, packages_above_depth=None, packages_select_by_dep=None, packages_skip_by_dep=None, packages_skip_up_to=None, packages_select_build_failed=False, packages_skip_build_finished=False, packages_select_test_failures=False, packages_skip_test_passed=False, packages_select=['super_Tolchanov_Dmitriy_study_pkg'], packages_skip=None, packages_select_regex=None, packages_skip_regex=None, packages_start=None, packages_end=None, allow_overriding=[], cmake_args=None, cmake_target=None, cmake_target_skip_unavailable=False, cmake_clean_cache=False, cmake_clean_first=False, cmake_force_configure=False, ament_cmake_args=None, catkin_cmake_args=None, catkin_skip_building_tests=False, mixin_files=None, mixin=None, verb_parser=<colcon_mixin.mixin.mixin_argument.MixinArgumentDecorator object at 0x7152deac57f0>, verb_extension=<colcon_core.verb.build.BuildVerb object at 0x7152dea232f0>, main=<bound method BuildVerb.main of <colcon_core.verb.build.BuildVerb object at 0x7152dea232f0>>, mixin_verb=('build',))
[0.315s] Level 1:colcon.colcon_core.package_discovery:discover_packages(colcon_meta) check parameters
[0.315s] Level 1:colcon.colcon_core.package_discovery:discover_packages(recursive) check parameters
[0.315s] Level 1:colcon.colcon_core.package_discovery:discover_packages(ignore) check parameters
[0.315s] Level 1:colcon.colcon_core.package_discovery:discover_packages(path) check parameters
[0.315s] Level 1:colcon.colcon_core.package_discovery:discover_packages(colcon_meta) discover
[0.315s] Level 1:colcon.colcon_core.package_discovery:discover_packages(recursive) discover
[0.315s] INFO:colcon.colcon_core.package_discovery:Crawling recursively for packages in '/home/bar1s/ros2_ws/src'
[0.315s] Level 1:colcon.colcon_core.package_identification:_identify(.) by extensions ['ignore', 'ignore_ament_install']
[0.315s] Level 1:colcon.colcon_core.package_identification:_identify(.) by extension 'ignore'
[0.315s] Level 1:colcon.colcon_core.package_identification:_identify(.) by extension 'ignore_ament_install'
[0.315s] Level 1:colcon.colcon_core.package_identification:_identify(.) by extensions ['colcon_pkg']
[0.315s] Level 1:colcon.colcon_core.package_identification:_identify(.) by extension 'colcon_pkg'
[0.315s] Level 1:colcon.colcon_core.package_identification:_identify(.) by extensions ['colcon_meta']
[0.315s] Level 1:colcon.colcon_core.package_identification:_identify(.) by extension 'colcon_meta'
[0.315s] Level 1:colcon.colcon_core.package_identification:_identify(.) by extensions ['ros']
[0.315s] Level 1:colcon.colcon_core.package_identification:_identify(.) by extension 'ros'
[0.345s] Level 1:colcon.colcon_core.package_identification:_identify(.) by extensions ['cmake', 'python']
[0.345s] Level 1:colcon.colcon_core.package_identification:_identify(.) by extension 'cmake'
[0.345s] Level 1:colcon.colcon_core.package_identification:_identify(.) by extension 'python'
[0.345s] Level 1:colcon.colcon_core.package_identification:_identify(.) by extensions ['python_setup_py']
[0.345s] Level 1:colcon.colcon_core.package_identification:_identify(.) by extension 'python_setup_py'
[0.345s] Level 1:colcon.colcon_core.package_identification:_identify(build) by extensions ['ignore', 'ignore_ament_install']
[0.345s] Level 1:colcon.colcon_core.package_identification:_identify(build) by extension 'ignore'
[0.345s] Level 1:colcon.colcon_core.package_identification:_identify(build) ignored
[0.345s] Level 1:colcon.colcon_core.package_identification:_identify(install) by extensions ['ignore', 'ignore_ament_install']
[0.345s] Level 1:colcon.colcon_core.package_identification:_identify(install) by extension 'ignore'
[0.345s] Level 1:colcon.colcon_core.package_identification:_identify(install) ignored
[0.345s] Level 1:colcon.colcon_core.package_identification:_identify(log) by extensions ['ignore', 'ignore_ament_install']
[0.345s] Level 1:colcon.colcon_core.package_identification:_identify(log) by extension 'ignore'
[0.346s] Level 1:colcon.colcon_core.package_identification:_identify(log) ignored
[0.346s] Level 1:colcon.colcon_core.package_identification:_identify(super_Tolchanov_Dmitriy_study_pkg) by extensions ['ignore', 'ignore_ament_install']
[0.346s] Level 1:colcon.colcon_core.package_identification:_identify(super_Tolchanov_Dmitriy_study_pkg) by extension 'ignore'
[0.346s] Level 1:colcon.colcon_core.package_identification:_identify(super_Tolchanov_Dmitriy_study_pkg) by extension 'ignore_ament_install'
[0.346s] Level 1:colcon.colcon_core.package_identification:_identify(super_Tolchanov_Dmitriy_study_pkg) by extensions ['colcon_pkg']
[0.346s] Level 1:colcon.colcon_core.package_identification:_identify(super_Tolchanov_Dmitriy_study_pkg) by extension 'colcon_pkg'
[0.346s] Level 1:colcon.colcon_core.package_identification:_identify(super_Tolchanov_Dmitriy_study_pkg) by extensions ['colcon_meta']
[0.346s] Level 1:colcon.colcon_core.package_identification:_identify(super_Tolchanov_Dmitriy_study_pkg) by extension 'colcon_meta'
[0.346s] Level 1:colcon.colcon_core.package_identification:_identify(super_Tolchanov_Dmitriy_study_pkg) by extensions ['ros']
[0.346s] Level 1:colcon.colcon_core.package_identification:_identify(super_Tolchanov_Dmitriy_study_pkg) by extension 'ros'
[0.349s] DEBUG:colcon.colcon_core.package_identification:Package 'super_Tolchanov_Dmitriy_study_pkg' with type 'ros.ament_python' and name 'super_Tolchanov_Dmitriy_study_pkg'
[0.349s] Level 1:colcon.colcon_core.package_identification:_identify(tam1d_study_pkg) by extensions ['ignore', 'ignore_ament_install']
[0.349s] Level 1:colcon.colcon_core.package_identification:_identify(tam1d_study_pkg) by extension 'ignore'
[0.349s] Level 1:colcon.colcon_core.package_identification:_identify(tam1d_study_pkg) by extension 'ignore_ament_install'
[0.349s] Level 1:colcon.colcon_core.package_identification:_identify(tam1d_study_pkg) by extensions ['colcon_pkg']
[0.349s] Level 1:colcon.colcon_core.package_identification:_identify(tam1d_study_pkg) by extension 'colcon_pkg'
[0.349s] Level 1:colcon.colcon_core.package_identification:_identify(tam1d_study_pkg) by extensions ['colcon_meta']
[0.349s] Level 1:colcon.colcon_core.package_identification:_identify(tam1d_study_pkg) by extension 'colcon_meta'
[0.349s] Level 1:colcon.colcon_core.package_identification:_identify(tam1d_study_pkg) by extensions ['ros']
[0.349s] Level 1:colcon.colcon_core.package_identification:_identify(tam1d_study_pkg) by extension 'ros'
[0.350s] DEBUG:colcon.colcon_core.package_identification:Package 'tam1d_study_pkg' with type 'ros.ament_python' and name 'tam1d_study_pkg'
[0.350s] Level 1:colcon.colcon_core.package_discovery:discover_packages(recursive) using defaults
[0.350s] Level 1:colcon.colcon_core.package_discovery:discover_packages(ignore) discover
[0.350s] Level 1:colcon.colcon_core.package_discovery:discover_packages(ignore) using defaults
[0.350s] Level 1:colcon.colcon_core.package_discovery:discover_packages(path) discover
[0.350s] Level 1:colcon.colcon_core.package_discovery:discover_packages(path) using defaults
[0.372s] INFO:colcon.colcon_core.package_selection:Skipping not selected package 'tam1d_study_pkg' in 'tam1d_study_pkg'
[0.373s] Level 1:colcon.colcon_core.package_discovery:discover_packages(prefix_path) check parameters
[0.373s] Level 1:colcon.colcon_core.package_discovery:discover_packages(prefix_path) discover
[0.375s] Level 1:colcon.colcon_core.package_discovery:discover_packages(prefix_path) using defaults
[0.377s] Level 5:colcon.colcon_core.verb:set package 'super_Tolchanov_Dmitriy_study_pkg' build argument 'cmake_args' from command line to 'None'
[0.377s] Level 5:colcon.colcon_core.verb:set package 'super_Tolchanov_Dmitriy_study_pkg' build argument 'cmake_target' from command line to 'None'
[0.377s] Level 5:colcon.colcon_core.verb:set package 'super_Tolchanov_Dmitriy_study_pkg' build argument 'cmake_target_skip_unavailable' from command line to 'False'
[0.377s] Level 5:colcon.colcon_core.verb:set package 'super_Tolchanov_Dmitriy_study_pkg' build argument 'cmake_clean_cache' from command line to 'False'
[0.377s] Level 5:colcon.colcon_core.verb:set package 'super_Tolchanov_Dmitriy_study_pkg' build argument 'cmake_clean_first' from command line to 'False'
[0.377s] Level 5:colcon.colcon_core.verb:set package 'super_Tolchanov_Dmitriy_study_pkg' build argument 'cmake_force_configure' from command line to 'False'
[0.377s] Level 5:colcon.colcon_core.verb:set package 'super_Tolchanov_Dmitriy_study_pkg' build argument 'ament_cmake_args' from command line to 'None'
[0.377s] Level 5:colcon.colcon_core.verb:set package 'super_Tolchanov_Dmitriy_study_pkg' build argument 'catkin_cmake_args' from command line to 'None'
[0.377s] Level 5:colcon.colcon_core.verb:set package 'super_Tolchanov_Dmitriy_study_pkg' build argument 'catkin_skip_building_tests' from command line to 'False'
[0.377s] DEBUG:colcon.colcon_core.verb:Building package 'super_Tolchanov_Dmitriy_study_pkg' with the following arguments: {'ament_cmake_args': None, 'build_base': '/home/bar1s/ros2_ws/src/build/super_Tolchanov_Dmitriy_study_pkg', 'catkin_cmake_args': None, 'catkin_skip_building_tests': False, 'cmake_args': None, 'cmake_clean_cache': False, 'cmake_clean_first': False, 'cmake_force_configure': False, 'cmake_target': None, 'cmake_target_skip_unavailable': False, 'install_base': '/home/bar1s/ros2_ws/src/install/super_Tolchanov_Dmitriy_study_pkg', 'merge_install': False, 'path': '/home/bar1s/ros2_ws/src/super_Tolchanov_Dmitriy_study_pkg', 'symlink_install': False, 'test_result_base': None}
[0.377s] INFO:colcon.colcon_core.executor:Executing jobs using 'parallel' executor
[0.378s] DEBUG:colcon.colcon_parallel_executor.executor.parallel:run_until_complete
[0.378s] INFO:colcon.colcon_ros.task.ament_python.build:Building ROS package in '/home/bar1s/ros2_ws/src/super_Tolchanov_Dmitriy_study_pkg' with build type 'ament_python'
[0.378s] Level 1:colcon.colcon_core.shell:create_environment_hook('super_Tolchanov_Dmitriy_study_pkg', 'ament_prefix_path')
[0.385s] INFO:colcon.colcon_core.plugin_system:Skipping extension 'colcon_core.shell.bat': Not used on non-Windows systems
[0.385s] INFO:colcon.colcon_core.shell:Creating environment hook '/home/bar1s/ros2_ws/src/install/super_Tolchanov_Dmitriy_study_pkg/share/super_Tolchanov_Dmitriy_study_pkg/hook/ament_prefix_path.ps1'
[0.386s] INFO:colcon.colcon_core.shell:Creating environment descriptor '/home/bar1s/ros2_ws/src/install/super_Tolchanov_Dmitriy_study_pkg/share/super_Tolchanov_Dmitriy_study_pkg/hook/ament_prefix_path.dsv'
[0.387s] INFO:colcon.colcon_core.shell:Creating environment hook '/home/bar1s/ros2_ws/src/install/super_Tolchanov_Dmitriy_study_pkg/share/super_Tolchanov_Dmitriy_study_pkg/hook/ament_prefix_path.sh'
[0.387s] INFO:colcon.colcon_core.shell:Skip shell extension 'powershell' for command environment: Not usable outside of PowerShell
[0.387s] DEBUG:colcon.colcon_core.shell:Skip shell extension 'dsv' for command environment
[0.570s] INFO:colcon.colcon_core.task.python.build:Building Python package in '/home/bar1s/ros2_ws/src/super_Tolchanov_Dmitriy_study_pkg'
[0.570s] INFO:colcon.colcon_core.shell:Skip shell extension 'powershell' for command environment: Not usable outside of PowerShell
[0.570s] DEBUG:colcon.colcon_core.shell:Skip shell extension 'dsv' for command environment
[1.208s] DEBUG:colcon.colcon_core.event_handler.log_command:Invoking command in '/home/bar1s/ros2_ws/src/build/super_Tolchanov_Dmitriy_study_pkg': DEBUGINFOD_URLS=https://debuginfod.ubuntu.com PYTHONPATH=/home/bar1s/ros2_ws/src/build/super_Tolchanov_Dmitriy_study_pkg/prefix_override:/usr/lib/python3/dist-packages/colcon_core/task/python/colcon_distutils_commands:/home/bar1s/ros2_ws/src/install/super_Tolchanov_Dmitriy_study_pkg/lib/python3.12/site-packages: /usr/bin/python3 -W ignore:setup.py install is deprecated -W ignore:easy_install command is deprecated setup.py develop --uninstall --editable --build-directory /home/bar1s/ros2_ws/src/build/super_Tolchanov_Dmitriy_study_pkg/build
[1.692s] DEBUG:colcon.colcon_core.event_handler.log_command:Invoked command in '/home/bar1s/ros2_ws/src/build/super_Tolchanov_Dmitriy_study_pkg' returned '0': DEBUGINFOD_URLS=https://debuginfod.ubuntu.com PYTHONPATH=/home/bar1s/ros2_ws/src/build/super_Tolchanov_Dmitriy_study_pkg/prefix_override:/usr/lib/python3/dist-packages/colcon_core/task/python/colcon_distutils_commands:/home/bar1s/ros2_ws/src/install/super_Tolchanov_Dmitriy_study_pkg/lib/python3.12/site-packages: /usr/bin/python3 -W ignore:setup.py install is deprecated -W ignore:easy_install command is deprecated setup.py develop --uninstall --editable --build-directory /home/bar1s/ros2_ws/src/build/super_Tolchanov_Dmitriy_study_pkg/build
[1.692s] DEBUG:colcon.colcon_core.event_handler.log_command:Invoking command in '/home/bar1s/ros2_ws/src/super_Tolchanov_Dmitriy_study_pkg': DEBUGINFOD_URLS=https://debuginfod.ubuntu.com PYTHONPATH=/home/bar1s/ros2_ws/src/build/super_Tolchanov_Dmitriy_study_pkg/prefix_override:/usr/lib/python3/dist-packages/colcon_core/task/python/colcon_distutils_commands:/home/bar1s/ros2_ws/src/install/super_Tolchanov_Dmitriy_study_pkg/lib/python3.12/site-packages: /usr/bin/python3 -W ignore:setup.py install is deprecated -W ignore:easy_install command is deprecated setup.py egg_info --egg-base ../build/super_Tolchanov_Dmitriy_study_pkg build --build-base /home/bar1s/ros2_ws/src/build/super_Tolchanov_Dmitriy_study_pkg/build install --record /home/bar1s/ros2_ws/src/build/super_Tolchanov_Dmitriy_study_pkg/install.log --single-version-externally-managed install_data --force
[2.167s] DEBUG:colcon.colcon_core.event_handler.log_command:Invoked command in '/home/bar1s/ros2_ws/src/super_Tolchanov_Dmitriy_study_pkg' returned '0': DEBUGINFOD_URLS=https://debuginfod.ubuntu.com PYTHONPATH=/home/bar1s/ros2_ws/src/build/super_Tolchanov_Dmitriy_study_pkg/prefix_override:/usr/lib/python3/dist-packages/colcon_core/task/python/colcon_distutils_commands:/home/bar1s/ros2_ws/src/install/super_Tolchanov_Dmitriy_study_pkg/lib/python3.12/site-packages: /usr/bin/python3 -W ignore:setup.py install is deprecated -W ignore:easy_install command is deprecated setup.py egg_info --egg-base ../build/super_Tolchanov_Dmitriy_study_pkg build --build-base /home/bar1s/ros2_ws/src/build/super_Tolchanov_Dmitriy_study_pkg/build install --record /home/bar1s/ros2_ws/src/build/super_Tolchanov_Dmitriy_study_pkg/install.log --single-version-externally-managed install_data --force
[2.173s] Level 1:colcon.colcon_core.environment:checking '/home/bar1s/ros2_ws/src/install/super_Tolchanov_Dmitriy_study_pkg' for CMake module files
[2.173s] Level 1:colcon.colcon_core.environment:checking '/home/bar1s/ros2_ws/src/install/super_Tolchanov_Dmitriy_study_pkg' for CMake config files
[2.174s] Level 1:colcon.colcon_core.environment:checking '/home/bar1s/ros2_ws/src/install/super_Tolchanov_Dmitriy_study_pkg/lib'
[2.174s] Level 1:colcon.colcon_core.environment:checking '/home/bar1s/ros2_ws/src/install/super_Tolchanov_Dmitriy_study_pkg/bin'
[2.174s] Level 1:colcon.colcon_core.environment:checking '/home/bar1s/ros2_ws/src/install/super_Tolchanov_Dmitriy_study_pkg/lib/pkgconfig/super_Tolchanov_Dmitriy_study_pkg.pc'
[2.174s] Level 1:colcon.colcon_core.environment:checking '/home/bar1s/ros2_ws/src/install/super_Tolchanov_Dmitriy_study_pkg/lib/python3.12/site-packages'
[2.174s] Level 1:colcon.colcon_core.shell:create_environment_hook('super_Tolchanov_Dmitriy_study_pkg', 'pythonpath')
[2.175s] INFO:colcon.colcon_core.shell:Creating environment hook '/home/bar1s/ros2_ws/src/install/super_Tolchanov_Dmitriy_study_pkg/share/super_Tolchanov_Dmitriy_study_pkg/hook/pythonpath.ps1'
[2.175s] INFO:colcon.colcon_core.shell:Creating environment descriptor '/home/bar1s/ros2_ws/src/install/super_Tolchanov_Dmitriy_study_pkg/share/super_Tolchanov_Dmitriy_study_pkg/hook/pythonpath.dsv'
[2.175s] INFO:colcon.colcon_core.shell:Creating environment hook '/home/bar1s/ros2_ws/src/install/super_Tolchanov_Dmitriy_study_pkg/share/super_Tolchanov_Dmitriy_study_pkg/hook/pythonpath.sh'
[2.176s] Level 1:colcon.colcon_core.environment:checking '/home/bar1s/ros2_ws/src/install/super_Tolchanov_Dmitriy_study_pkg/bin'
[2.176s] Level 1:colcon.colcon_core.environment:create_environment_scripts_only(super_Tolchanov_Dmitriy_study_pkg)
[2.176s] INFO:colcon.colcon_core.shell:Creating package script '/home/bar1s/ros2_ws/src/install/super_Tolchanov_Dmitriy_study_pkg/share/super_Tolchanov_Dmitriy_study_pkg/package.ps1'
[2.177s] INFO:colcon.colcon_core.shell:Creating package descriptor '/home/bar1s/ros2_ws/src/install/super_Tolchanov_Dmitriy_study_pkg/share/super_Tolchanov_Dmitriy_study_pkg/package.dsv'
[2.177s] INFO:colcon.colcon_core.shell:Creating package script '/home/bar1s/ros2_ws/src/install/super_Tolchanov_Dmitriy_study_pkg/share/super_Tolchanov_Dmitriy_study_pkg/package.sh'
[2.178s] INFO:colcon.colcon_core.shell:Creating package script '/home/bar1s/ros2_ws/src/install/super_Tolchanov_Dmitriy_study_pkg/share/super_Tolchanov_Dmitriy_study_pkg/package.bash'
[2.179s] INFO:colcon.colcon_core.shell:Creating package script '/home/bar1s/ros2_ws/src/install/super_Tolchanov_Dmitriy_study_pkg/share/super_Tolchanov_Dmitriy_study_pkg/package.zsh'
[2.179s] Level 1:colcon.colcon_core.environment:create_file_with_runtime_dependencies(/home/bar1s/ros2_ws/src/install/super_Tolchanov_Dmitriy_study_pkg/share/colcon-core/packages/super_Tolchanov_Dmitriy_study_pkg)
[2.180s] DEBUG:colcon.colcon_parallel_executor.executor.parallel:closing loop
[2.180s] DEBUG:colcon.colcon_parallel_executor.executor.parallel:loop closed
[2.180s] DEBUG:colcon.colcon_parallel_executor.executor.parallel:run_until_complete finished with '0'
[2.180s] DEBUG:colcon.colcon_core.event_reactor:joining thread
[2.187s] INFO:colcon.colcon_core.plugin_system:Skipping extension 'colcon_notification.desktop_notification.terminal_notifier': Not used on non-Darwin systems
[2.187s] INFO:colcon.colcon_core.plugin_system:Skipping extension 'colcon_notification.desktop_notification.win32': Not used on non-Windows systems
[2.187s] INFO:colcon.colcon_notification.desktop_notification:Sending desktop notification using 'notify2'
[2.202s] DEBUG:colcon.colcon_core.event_reactor:joined thread
[2.202s] INFO:colcon.colcon_core.shell:Creating prefix script '/home/bar1s/ros2_ws/src/install/local_setup.ps1'
[2.203s] INFO:colcon.colcon_core.shell:Creating prefix util module '/home/bar1s/ros2_ws/src/install/_local_setup_util_ps1.py'
[2.204s] INFO:colcon.colcon_core.shell:Creating prefix chain script '/home/bar1s/ros2_ws/src/install/setup.ps1'
[2.205s] INFO:colcon.colcon_core.shell:Creating prefix script '/home/bar1s/ros2_ws/src/install/local_setup.sh'
[2.205s] INFO:colcon.colcon_core.shell:Creating prefix util module '/home/bar1s/ros2_ws/src/install/_local_setup_util_sh.py'
[2.206s] INFO:colcon.colcon_core.shell:Creating prefix chain script '/home/bar1s/ros2_ws/src/install/setup.sh'
[2.206s] INFO:colcon.colcon_core.shell:Creating prefix script '/home/bar1s/ros2_ws/src/install/local_setup.bash'
[2.207s] INFO:colcon.colcon_core.shell:Creating prefix chain script '/home/bar1s/ros2_ws/src/install/setup.bash'
[2.208s] INFO:colcon.colcon_core.shell:Creating prefix script '/home/bar1s/ros2_ws/src/install/local_setup.zsh'
[2.208s] INFO:colcon.colcon_core.shell:Creating prefix chain script '/home/bar1s/ros2_ws/src/install/setup.zsh'
