[0.829s] Invoking command in '/home/bar1s/ros2_ws/src/build/super_Tolchanov_Dmitriy_study_pkg': DEBUGINFOD_URLS=https://debuginfod.ubuntu.com PYTHONPATH=/home/bar1s/ros2_ws/src/build/super_Tolchanov_Dmitriy_study_pkg/prefix_override:/usr/lib/python3/dist-packages/colcon_core/task/python/colcon_distutils_commands:/home/bar1s/ros2_ws/src/install/super_Tolchanov_Dmitriy_study_pkg/lib/python3.12/site-packages: /usr/bin/python3 -W ignore:setup.py install is deprecated -W ignore:easy_install command is deprecated setup.py develop --uninstall --editable --build-directory /home/bar1s/ros2_ws/src/build/super_Tolchanov_Dmitriy_study_pkg/build
[1.101s] running develop
[1.286s] Removing /home/bar1s/ros2_ws/src/install/super_Tolchanov_Dmitriy_study_pkg/lib/python3.12/site-packages/super-Tolchanov-Dmitriy-study-pkg.egg-link (link to .)
[1.313s] Invoked command in '/home/bar1s/ros2_ws/src/build/super_Tolchanov_Dmitriy_study_pkg' returned '0': DEBUGINFOD_URLS=https://debuginfod.ubuntu.com PYTHONPATH=/home/bar1s/ros2_ws/src/build/super_Tolchanov_Dmitriy_study_pkg/prefix_override:/usr/lib/python3/dist-packages/colcon_core/task/python/colcon_distutils_commands:/home/bar1s/ros2_ws/src/install/super_Tolchanov_Dmitriy_study_pkg/lib/python3.12/site-packages: /usr/bin/python3 -W ignore:setup.py install is deprecated -W ignore:easy_install command is deprecated setup.py develop --uninstall --editable --build-directory /home/bar1s/ros2_ws/src/build/super_Tolchanov_Dmitriy_study_pkg/build
[1.314s] Invoking command in '/home/bar1s/ros2_ws/src/super_Tolchanov_Dmitriy_study_pkg': DEBUGINFOD_URLS=https://debuginfod.ubuntu.com PYTHONPATH=/home/bar1s/ros2_ws/src/build/super_Tolchanov_Dmitriy_study_pkg/prefix_override:/usr/lib/python3/dist-packages/colcon_core/task/python/colcon_distutils_commands:/home/bar1s/ros2_ws/src/install/super_Tolchanov_Dmitriy_study_pkg/lib/python3.12/site-packages: /usr/bin/python3 -W ignore:setup.py install is deprecated -W ignore:easy_install command is deprecated setup.py egg_info --egg-base ../build/super_Tolchanov_Dmitriy_study_pkg build --build-base /home/bar1s/ros2_ws/src/build/super_Tolchanov_Dmitriy_study_pkg/build install --record /home/bar1s/ros2_ws/src/build/super_Tolchanov_Dmitriy_study_pkg/install.log --single-version-externally-managed install_data --force
[1.547s] running egg_info
[1.564s] writing ../build/super_Tolchanov_Dmitriy_study_pkg/super_Tolchanov_Dmitriy_study_pkg.egg-info/PKG-INFO
[1.564s] writing dependency_links to ../build/super_Tolchanov_Dmitriy_study_pkg/super_Tolchanov_Dmitriy_study_pkg.egg-info/dependency_links.txt
[1.564s] writing entry points to ../build/super_Tolchanov_Dmitriy_study_pkg/super_Tolchanov_Dmitriy_study_pkg.egg-info/entry_points.txt
[1.564s] writing requirements to ../build/super_Tolchanov_Dmitriy_study_pkg/super_Tolchanov_Dmitriy_study_pkg.egg-info/requires.txt
[1.564s] writing top-level names to ../build/super_Tolchanov_Dmitriy_study_pkg/super_Tolchanov_Dmitriy_study_pkg.egg-info/top_level.txt
[1.598s] reading manifest file '../build/super_Tolchanov_Dmitriy_study_pkg/super_Tolchanov_Dmitriy_study_pkg.egg-info/SOURCES.txt'
[1.599s] writing manifest file '../build/super_Tolchanov_Dmitriy_study_pkg/super_Tolchanov_Dmitriy_study_pkg.egg-info/SOURCES.txt'
[1.599s] running build
[1.599s] running build_py
[1.600s] copying super_Tolchanov_Dmitriy_study_pkg/scripts/turtle_carrot_tf_broadcaster.py -> /home/bar1s/ros2_ws/src/build/super_Tolchanov_Dmitriy_study_pkg/build/lib/super_Tolchanov_Dmitriy_study_pkg/scripts
[1.600s] copying super_Tolchanov_Dmitriy_study_pkg/scripts/static_tf_broadcaster.py -> /home/bar1s/ros2_ws/src/build/super_Tolchanov_Dmitriy_study_pkg/build/lib/super_Tolchanov_Dmitriy_study_pkg/scripts
[1.600s] copying super_Tolchanov_Dmitriy_study_pkg/scripts/even_number_publisher.py -> /home/bar1s/ros2_ws/src/build/super_Tolchanov_Dmitriy_study_pkg/build/lib/super_Tolchanov_Dmitriy_study_pkg/scripts
[1.601s] copying super_Tolchanov_Dmitriy_study_pkg/scripts/time_printer.py -> /home/bar1s/ros2_ws/src/build/super_Tolchanov_Dmitriy_study_pkg/build/lib/super_Tolchanov_Dmitriy_study_pkg/scripts
[1.601s] copying super_Tolchanov_Dmitriy_study_pkg/scripts/turtle_tf_broadcaster.py -> /home/bar1s/ros2_ws/src/build/super_Tolchanov_Dmitriy_study_pkg/build/lib/super_Tolchanov_Dmitriy_study_pkg/scripts
[1.601s] running install
[1.606s] running install_lib
[1.623s] creating /home/bar1s/ros2_ws/src/install/super_Tolchanov_Dmitriy_study_pkg/lib/python3.12/site-packages/super_Tolchanov_Dmitriy_study_pkg
[1.623s] creating /home/bar1s/ros2_ws/src/install/super_Tolchanov_Dmitriy_study_pkg/lib/python3.12/site-packages/super_Tolchanov_Dmitriy_study_pkg/scripts
[1.623s] copying /home/bar1s/ros2_ws/src/build/super_Tolchanov_Dmitriy_study_pkg/build/lib/super_Tolchanov_Dmitriy_study_pkg/scripts/turtle_carrot_tf_broadcaster.py -> /home/bar1s/ros2_ws/src/install/super_Tolchanov_Dmitriy_study_pkg/lib/python3.12/site-packages/super_Tolchanov_Dmitriy_study_pkg/scripts
[1.624s] copying /home/bar1s/ros2_ws/src/build/super_Tolchanov_Dmitriy_study_pkg/build/lib/super_Tolchanov_Dmitriy_study_pkg/scripts/overflow_listener.py -> /home/bar1s/ros2_ws/src/install/super_Tolchanov_Dmitriy_study_pkg/lib/python3.12/site-packages/super_Tolchanov_Dmitriy_study_pkg/scripts
[1.624s] copying /home/bar1s/ros2_ws/src/build/super_Tolchanov_Dmitriy_study_pkg/build/lib/super_Tolchanov_Dmitriy_study_pkg/scripts/static_tf_broadcaster.py -> /home/bar1s/ros2_ws/src/install/super_Tolchanov_Dmitriy_study_pkg/lib/python3.12/site-packages/super_Tolchanov_Dmitriy_study_pkg/scripts
[1.624s] copying /home/bar1s/ros2_ws/src/build/super_Tolchanov_Dmitriy_study_pkg/build/lib/super_Tolchanov_Dmitriy_study_pkg/scripts/even_number_publisher.py -> /home/bar1s/ros2_ws/src/install/super_Tolchanov_Dmitriy_study_pkg/lib/python3.12/site-packages/super_Tolchanov_Dmitriy_study_pkg/scripts
[1.624s] copying /home/bar1s/ros2_ws/src/build/super_Tolchanov_Dmitriy_study_pkg/build/lib/super_Tolchanov_Dmitriy_study_pkg/scripts/time_printer.py -> /home/bar1s/ros2_ws/src/install/super_Tolchanov_Dmitriy_study_pkg/lib/python3.12/site-packages/super_Tolchanov_Dmitriy_study_pkg/scripts
[1.624s] copying /home/bar1s/ros2_ws/src/build/super_Tolchanov_Dmitriy_study_pkg/build/lib/super_Tolchanov_Dmitriy_study_pkg/scripts/turtle_tf_broadcaster.py -> /home/bar1s/ros2_ws/src/install/super_Tolchanov_Dmitriy_study_pkg/lib/python3.12/site-packages/super_Tolchanov_Dmitriy_study_pkg/scripts
[1.624s] copying /home/bar1s/ros2_ws/src/build/super_Tolchanov_Dmitriy_study_pkg/build/lib/super_Tolchanov_Dmitriy_study_pkg/__init__.py -> /home/bar1s/ros2_ws/src/install/super_Tolchanov_Dmitriy_study_pkg/lib/python3.12/site-packages/super_Tolchanov_Dmitriy_study_pkg
[1.625s] byte-compiling /home/bar1s/ros2_ws/src/install/super_Tolchanov_Dmitriy_study_pkg/lib/python3.12/site-packages/super_Tolchanov_Dmitriy_study_pkg/scripts/turtle_carrot_tf_broadcaster.py to turtle_carrot_tf_broadcaster.cpython-312.pyc
[1.625s] byte-compiling /home/bar1s/ros2_ws/src/install/super_Tolchanov_Dmitriy_study_pkg/lib/python3.12/site-packages/super_Tolchanov_Dmitriy_study_pkg/scripts/overflow_listener.py to overflow_listener.cpython-312.pyc
[1.626s] byte-compiling /home/bar1s/ros2_ws/src/install/super_Tolchanov_Dmitriy_study_pkg/lib/python3.12/site-packages/super_Tolchanov_Dmitriy_study_pkg/scripts/static_tf_broadcaster.py to static_tf_broadcaster.cpython-312.pyc
[1.626s] byte-compiling /home/bar1s/ros2_ws/src/install/super_Tolchanov_Dmitriy_study_pkg/lib/python3.12/site-packages/super_Tolchanov_Dmitriy_study_pkg/scripts/even_number_publisher.py to even_number_publisher.cpython-312.pyc
[1.627s] byte-compiling /home/bar1s/ros2_ws/src/install/super_Tolchanov_Dmitriy_study_pkg/lib/python3.12/site-packages/super_Tolchanov_Dmitriy_study_pkg/scripts/time_printer.py to time_printer.cpython-312.pyc
[1.627s] byte-compiling /home/bar1s/ros2_ws/src/install/super_Tolchanov_Dmitriy_study_pkg/lib/python3.12/site-packages/super_Tolchanov_Dmitriy_study_pkg/scripts/turtle_tf_broadcaster.py to turtle_tf_broadcaster.cpython-312.pyc
[1.627s] byte-compiling /home/bar1s/ros2_ws/src/install/super_Tolchanov_Dmitriy_study_pkg/lib/python3.12/site-packages/super_Tolchanov_Dmitriy_study_pkg/__init__.py to __init__.cpython-312.pyc
[1.627s] running install_data
[1.628s] copying resource/super_Tolchanov_Dmitriy_study_pkg -> /home/bar1s/ros2_ws/src/install/super_Tolchanov_Dmitriy_study_pkg/share/ament_index/resource_index/packages
[1.628s] copying package.xml -> /home/bar1s/ros2_ws/src/install/super_Tolchanov_Dmitriy_study_pkg/share/super_Tolchanov_Dmitriy_study_pkg
[1.629s] copying launch/my_first_launch.py -> /home/bar1s/ros2_ws/src/install/super_Tolchanov_Dmitriy_study_pkg/share/super_Tolchanov_Dmitriy_study_pkg/launch
[1.629s] copying launch/robot_system.launch.py -> /home/bar1s/ros2_ws/src/install/super_Tolchanov_Dmitriy_study_pkg/share/super_Tolchanov_Dmitriy_study_pkg/launch
[1.630s] running install_egg_info
[1.648s] Copying ../build/super_Tolchanov_Dmitriy_study_pkg/super_Tolchanov_Dmitriy_study_pkg.egg-info to /home/bar1s/ros2_ws/src/install/super_Tolchanov_Dmitriy_study_pkg/lib/python3.12/site-packages/super_Tolchanov_Dmitriy_study_pkg-0.0.0-py3.12.egg-info
[1.649s] running install_scripts
[1.767s] Installing carrot_broadcaster script to /home/bar1s/ros2_ws/src/install/super_Tolchanov_Dmitriy_study_pkg/lib/super_Tolchanov_Dmitriy_study_pkg
[1.767s] Installing even_number_publisher script to /home/bar1s/ros2_ws/src/install/super_Tolchanov_Dmitriy_study_pkg/lib/super_Tolchanov_Dmitriy_study_pkg
[1.767s] Installing overflow_listener script to /home/bar1s/ros2_ws/src/install/super_Tolchanov_Dmitriy_study_pkg/lib/super_Tolchanov_Dmitriy_study_pkg
[1.767s] Installing static_tf_broadcaster script to /home/bar1s/ros2_ws/src/install/super_Tolchanov_Dmitriy_study_pkg/lib/super_Tolchanov_Dmitriy_study_pkg
[1.768s] Installing time_printer script to /home/bar1s/ros2_ws/src/install/super_Tolchanov_Dmitriy_study_pkg/lib/super_Tolchanov_Dmitriy_study_pkg
[1.768s] Installing turtle_broadcaster script to /home/bar1s/ros2_ws/src/install/super_Tolchanov_Dmitriy_study_pkg/lib/super_Tolchanov_Dmitriy_study_pkg
[1.768s] writing list of installed files to '/home/bar1s/ros2_ws/src/build/super_Tolchanov_Dmitriy_study_pkg/install.log'
[1.788s] Invoked command in '/home/bar1s/ros2_ws/src/super_Tolchanov_Dmitriy_study_pkg' returned '0': DEBUGINFOD_URLS=https://debuginfod.ubuntu.com PYTHONPATH=/home/bar1s/ros2_ws/src/build/super_Tolchanov_Dmitriy_study_pkg/prefix_override:/usr/lib/python3/dist-packages/colcon_core/task/python/colcon_distutils_commands:/home/bar1s/ros2_ws/src/install/super_Tolchanov_Dmitriy_study_pkg/lib/python3.12/site-packages: /usr/bin/python3 -W ignore:setup.py install is deprecated -W ignore:easy_install command is deprecated setup.py egg_info --egg-base ../build/super_Tolchanov_Dmitriy_study_pkg build --build-base /home/bar1s/ros2_ws/src/build/super_Tolchanov_Dmitriy_study_pkg/build install --record /home/bar1s/ros2_ws/src/build/super_Tolchanov_Dmitriy_study_pkg/install.log --single-version-externally-managed install_data --force
