running egg_info
writing ../build/super_Tolchanov_Dmitriy_study_pkg/super_Tolchanov_Dmitriy_study_pkg.egg-info/PKG-INFO
writing dependency_links to ../build/super_Tolchanov_Dmitriy_study_pkg/super_Tolchanov_Dmitriy_study_pkg.egg-info/dependency_links.txt
writing entry points to ../build/super_Tolchanov_Dmitriy_study_pkg/super_Tolchanov_Dmitriy_study_pkg.egg-info/entry_points.txt
writing requirements to ../build/super_Tolchanov_Dmitriy_study_pkg/super_Tolchanov_Dmitriy_study_pkg.egg-info/requires.txt
writing top-level names to ../build/super_Tolchanov_Dmitriy_study_pkg/super_Tolchanov_Dmitriy_study_pkg.egg-info/top_level.txt
reading manifest file '../build/super_Tolchanov_Dmitriy_study_pkg/super_Tolchanov_Dmitriy_study_pkg.egg-info/SOURCES.txt'
writing manifest file '../build/super_Tolchanov_Dmitriy_study_pkg/super_Tolchanov_Dmitriy_study_pkg.egg-info/SOURCES.txt'
running build
running build_py
copying super_Tolchanov_Dmitriy_study_pkg/scripts/overflow_listener.py -> /home/bar1s/ros2_ws/src/build/super_Tolchanov_Dmitriy_study_pkg/build/lib/super_Tolchanov_Dmitriy_study_pkg/scripts
running install
running install_lib
copying /home/bar1s/ros2_ws/src/build/super_Tolchanov_Dmitriy_study_pkg/build/lib/super_Tolchanov_Dmitriy_study_pkg/scripts/overflow_listener.py -> /home/bar1s/ros2_ws/src/install/super_Tolchanov_Dmitriy_study_pkg/lib/python3.12/site-packages/super_Tolchanov_Dmitriy_study_pkg/scripts
byte-compiling /home/bar1s/ros2_ws/src/install/super_Tolchanov_Dmitriy_study_pkg/lib/python3.12/site-packages/super_Tolchanov_Dmitriy_study_pkg/scripts/overflow_listener.py to overflow_listener.cpython-312.pyc
running install_data
running install_egg_info
removing '/home/bar1s/ros2_ws/src/install/super_Tolchanov_Dmitriy_study_pkg/lib/python3.12/site-packages/super_Tolchanov_Dmitriy_study_pkg-0.0.0-py3.12.egg-info' (and everything under it)
Copying ../build/super_Tolchanov_Dmitriy_study_pkg/super_Tolchanov_Dmitriy_study_pkg.egg-info to /home/bar1s/ros2_ws/src/install/super_Tolchanov_Dmitriy_study_pkg/lib/python3.12/site-packages/super_Tolchanov_Dmitriy_study_pkg-0.0.0-py3.12.egg-info
running install_scripts
Installing even_number_publisher script to /home/bar1s/ros2_ws/src/install/super_Tolchanov_Dmitriy_study_pkg/lib/super_Tolchanov_Dmitriy_study_pkg
Installing time_printer script to /home/bar1s/ros2_ws/src/install/super_Tolchanov_Dmitriy_study_pkg/lib/super_Tolchanov_Dmitriy_study_pkg
writing list of installed files to '/home/bar1s/ros2_ws/src/build/super_Tolchanov_Dmitriy_study_pkg/install.log'
